
user@Aeries005 MINGW64 ~/Desktop/git
$ git --version
git version 2.43.0.windows.1

user@Aeries005 MINGW64 ~/Desktop/git
$ git init
Initialized empty Git repository in C:/Users/user/Desktop/git/.git/

user@Aeries005 MINGW64 ~/Desktop/git (master)
$ git remote add origin https://github.com/bora-rama-krishna06/new.git

user@Aeries005 MINGW64 ~/Desktop/git (master)
$ git add.
git: 'add.' is not a git command. See 'git --help'.

The most similar command is
        add

user@Aeries005 MINGW64 ~/Desktop/git (master)
$ git add .

user@Aeries005 MINGW64 ~/Desktop/git (master)
$ git commit - m "rama krishna"
error: pathspec '-' did not match any file(s) known to git
error: pathspec 'm' did not match any file(s) known to git
error: pathspec 'rama krishna' did not match any file(s) known to git

user@Aeries005 MINGW64 ~/Desktop/git (master)
$  git commit-m "rama krishna"
git: 'commit-m' is not a git command. See 'git --help'.

The most similar command is
        commit-tree

user@Aeries005 MINGW64 ~/Desktop/git (master)
$ git commit -m "rama krishna"
[master (root-commit) 86e69f0] rama krishna
 1 file changed, 11 insertions(+)
 create mode 100644 hii.html

user@Aeries005 MINGW64 ~/Desktop/git (master)
$ git branch -M main

user@Aeries005 MINGW64 ~/Desktop/git (main)
$ git push -u origin main
info: please complete authentication in your browser...
Enumerating objects: 3, done.
Counting objects: 100% (3/3), done.
Delta compression using up to 4 threads
Compressing objects: 100% (2/2), done.
Writing objects: 100% (3/3), 360 bytes | 180.00 KiB/s, done.
Total 3 (delta 0), reused 0 (delta 0), pack-reused 0
To https://github.com/bora-rama-krishna06/new.git
 * [new branch]      main -> main
branch 'main' set up to track 'origin/main'.

user@Aeries005 MINGW64 ~/Desktop/git (main)
$ git init
Reinitialized existing Git repository in C:/Users/user/Desktop/git/.git/

user@Aeries005 MINGW64 ~/Desktop/git (main)
$ git remote add origin https://github.com/bora-rama-krishna06/file.git
error: remote origin already exists.

user@Aeries005 MINGW64 ~/Desktop/git (main)
$ git add .

user@Aeries005 MINGW64 ~/Desktop/git (main)
$ git push -u origin main
Everything up-to-date
branch 'main' set up to track 'origin/main'.

user@Aeries005 MINGW64 ~/Desktop/git (main)
$ git REDEME.md
git: 'REDEME.md' is not a git command. See 'git --help'.

user@Aeries005 MINGW64 ~/Desktop/git (main)
$ git --help
usage: git [-v | --version] [-h | --help] [-C <path>] [-c <name>=<value>]
           [--exec-path[=<path>]] [--html-path] [--man-path] [--info-path]
           [-p | --paginate | -P | --no-pager] [--no-replace-objects] [--bare]
           [--git-dir=<path>] [--work-tree=<path>] [--namespace=<name>]
           [--config-env=<name>=<envvar>] <command> [<args>]

These are common Git commands used in various situations:

start a working area (see also: git help tutorial)
   clone     Clone a repository into a new directory
   init      Create an empty Git repository or reinitialize an existing one

work on the current change (see also: git help everyday)
   add       Add file contents to the index
   mv        Move or rename a file, a directory, or a symlink
   restore   Restore working tree files
   rm        Remove files from the working tree and from the index

examine the history and state (see also: git help revisions)
   bisect    Use binary search to find the commit that introduced a bug
   diff      Show changes between commits, commit and working tree, etc
   grep      Print lines matching a pattern
   log       Show commit logs
   show      Show various types of objects
   status    Show the working tree status

grow, mark and tweak your common history
   branch    List, create, or delete branches
   commit    Record changes to the repository
   merge     Join two or more development histories together
   rebase    Reapply commits on top of another base tip
   reset     Reset current HEAD to the specified state
   switch    Switch branches
   tag       Create, list, delete or verify a tag object signed with GPG

collaborate (see also: git help workflows)
   fetch     Download objects and refs from another repository
   pull      Fetch from and integrate with another repository or a local branch
   push      Update remote refs along with associated objects

'git help -a' and 'git help -g' list available subcommands and some
concept guides. See 'git help <command>' or 'git help <concept>'
to read about a specific subcommand or concept.
See 'git help git' for an overview of the system.

user@Aeries005 MINGW64 ~/Desktop/git (main)
$
